
> mysore-mess-menus@0.1.0 build
> next build

  Γû▓ Next.js 14.2.25
  - Environments: .env.local

   Creating an optimized production build ...
 Γ£ô Compiled successfully
   Linting and checking validity of types ...
node.exe : 
At C:\Users\affan\AppData\Roaming\npm\npm.ps1:24 char:5
+     & "node$exe"  "$basedir/node_modules/npm/bin/npm-cli.js" $args
+     ~~~~~~~~~~~~~~~~~~~~~~~~~~~~~~~~~~~~~~~~~~~~~~~~~~~~~~~~~~~~~~
    + CategoryInfo          : NotSpecified: (:String) [], RemoteException
    + FullyQualifiedErrorId : NativeCommandError
 
Failed to compile.

./src/app/api/admin/sync/route.ts
58:28  Warning: 'request' is defined but never used.  @typescript-eslint/no-unused-vars
119:19  Warning: 'displayName' is assigned a value but never used.  
@typescript-eslint/no-unused-vars

./src/app/api/debug/menu-trace/route.ts
32:19  Warning: Unexpected any. Specify a different type.  
@typescript-eslint/no-explicit-any
51:28  Warning: Unexpected any. Specify a different type.  
@typescript-eslint/no-explicit-any
52:30  Warning: Unexpected any. Specify a different type.  
@typescript-eslint/no-explicit-any
53:30  Warning: Unexpected any. Specify a different type.  
@typescript-eslint/no-explicit-any
54:34  Warning: Unexpected any. Specify a different type.  
@typescript-eslint/no-explicit-any
64:41  Warning: Unexpected any. Specify a different type.  
@typescript-eslint/no-explicit-any
77:52  Warning: Unexpected any. Specify a different type.  
@typescript-eslint/no-explicit-any
78:45  Warning: Unexpected any. Specify a different type.  
@typescript-eslint/no-explicit-any
114:27  Warning: Unexpected any. Specify a different type.  
@typescript-eslint/no-explicit-any
155:50  Warning: Unexpected any. Specify a different type.  
@typescript-eslint/no-explicit-any

./src/app/api/leaderboard/route.ts
15:11  Warning: 'type' is assigned a value but never used.  
@typescript-eslint/no-unused-vars

./src/app/api/profile/route.ts
148:23  Warning: Unexpected any. Specify a different type.  
@typescript-eslint/no-explicit-any

./src/app/api/restaurants/[slug]/menus/route.ts
32:36  Warning: Unexpected any. Specify a different type.  
@typescript-eslint/no-explicit-any
33:38  Warning: Unexpected any. Specify a different type.  
@typescript-eslint/no-explicit-any
51:28  Warning: Unexpected any. Specify a different type.  
@typescript-eslint/no-explicit-any
97:31  Warning: Unexpected any. Specify a different type.  
@typescript-eslint/no-explicit-any
106:28  Warning: Unexpected any. Specify a different type.  
@typescript-eslint/no-explicit-any
117:53  Warning: Unexpected any. Specify a different type.  
@typescript-eslint/no-explicit-any
118:76  Warning: Unexpected any. Specify a different type.  
@typescript-eslint/no-explicit-any
129:34  Warning: Unexpected any. Specify a different type.  
@typescript-eslint/no-explicit-any
132:31  Warning: Unexpected any. Specify a different type.  
@typescript-eslint/no-explicit-any
151:53  Warning: Unexpected any. Specify a different type.  
@typescript-eslint/no-explicit-any
152:46  Warning: Unexpected any. Specify a different type.  
@typescript-eslint/no-explicit-any
158:31  Warning: Unexpected any. Specify a different type.  
@typescript-eslint/no-explicit-any
170:29  Warning: Unexpected any. Specify a different type.  
@typescript-eslint/no-explicit-any
188:27  Warning: Unexpected any. Specify a different type.  
@typescript-eslint/no-explicit-any

./src/app/api/upload/route.ts
4:10  Warning: 'ocrService' is defined but never used.  
@typescript-eslint/no-unused-vars
8:57  Warning: 'ExternalServiceError' is defined but never used.  
@typescript-eslint/no-unused-vars
9:21  Warning: 'logger' is defined but never used.  @typescript-eslint/no-unused-vars
212:41  Warning: Unexpected any. Specify a different type.  
@typescript-eslint/no-explicit-any
287:40  Warning: Unexpected any. Specify a different type.  
@typescript-eslint/no-explicit-any
288:43  Warning: Unexpected any. Specify a different type.  
@typescript-eslint/no-explicit-any
300:38  Warning: Unexpected any. Specify a different type.  
@typescript-eslint/no-explicit-any
301:39  Warning: Unexpected any. Specify a different type.  
@typescript-eslint/no-explicit-any
333:41  Warning: Unexpected any. Specify a different type.  
@typescript-eslint/no-explicit-any
353:11  Warning: 'isUuid' is assigned a value but never used.  
@typescript-eslint/no-unused-vars
354:26  Warning: Unexpected any. Specify a different type.  
@typescript-eslint/no-explicit-any
387:49  Warning: Unexpected any. Specify a different type.  
@typescript-eslint/no-explicit-any
388:38  Warning: Unexpected any. Specify a different type.  
@typescript-eslint/no-explicit-any
389:48  Warning: Unexpected any. Specify a different type.  
@typescript-eslint/no-explicit-any
390:44  Warning: Unexpected any. Specify a different type.  
@typescript-eslint/no-explicit-any
399:42  Warning: Unexpected any. Specify a different type.  
@typescript-eslint/no-explicit-any
406:43  Warning: Unexpected any. Specify a different type.  
@typescript-eslint/no-explicit-any
821:47  Warning: Unexpected any. Specify a different type.  
@typescript-eslint/no-explicit-any
822:46  Warning: Unexpected any. Specify a different type.  
@typescript-eslint/no-explicit-any
824:38  Warning: Unexpected any. Specify a different type.  
@typescript-eslint/no-explicit-any
832:42  Warning: Unexpected any. Specify a different type.  
@typescript-eslint/no-explicit-any
846:40  Warning: Unexpected any. Specify a different type.  
@typescript-eslint/no-explicit-any
998:39  Warning: Unexpected any. Specify a different type.  
@typescript-eslint/no-explicit-any
1028:26  Warning: Unexpected any. Specify a different type.  
@typescript-eslint/no-explicit-any
1050:43  Warning: Unexpected any. Specify a different type.  
@typescript-eslint/no-explicit-any
1060:39  Warning: Unexpected any. Specify a different type.  
@typescript-eslint/no-explicit-any
1198:21  Warning: Unexpected any. Specify a different type.  
@typescript-eslint/no-explicit-any
1247:42  Warning: Unexpected any. Specify a different type.  
@typescript-eslint/no-explicit-any
1259:66  Warning: Unexpected any. Specify a different type.  
@typescript-eslint/no-explicit-any
1267:36  Warning: Unexpected any. Specify a different type.  
@typescript-eslint/no-explicit-any

./src/app/api/webhooks/clerk/route.ts
34:14  Warning: Unexpected any. Specify a different type.  
@typescript-eslint/no-explicit-any
42:13  Warning: Unexpected any. Specify a different type.  
@typescript-eslint/no-explicit-any
76:40  Warning: Unexpected any. Specify a different type.  
@typescript-eslint/no-explicit-any
81:55  Warning: Unexpected any. Specify a different type.  
@typescript-eslint/no-explicit-any
154:40  Warning: Unexpected any. Specify a different type.  
@typescript-eslint/no-explicit-any

./src/app/examples/clerk-supabase-integration/page.tsx
24:11  Warning: 'session' is assigned a value but never used.  
@typescript-eslint/no-unused-vars

./src/app/page.tsx
3:10  Warning: 'useState' is defined but never used.  @typescript-eslint/no-unused-vars
3:20  Warning: 'useEffect' is defined but never used.  @typescript-eslint/no-unused-vars

./src/app/settings/page.tsx
71:55  Warning: Unexpected any. Specify a different type.  
@typescript-eslint/no-explicit-any
78:59  Warning: Unexpected any. Specify a different type.  
@typescript-eslint/no-explicit-any
292:11  Warning: Using `<img>` could result in slower LCP and higher bandwidth. 
Consider using `<Image />` from `next/image` to automatically optimize images. This may 
incur additional usage or cost from your provider. See: 
https://nextjs.org/docs/messages/no-img-element  @next/next/no-img-element

./src/app/sign-in/[[...sign-in]]/page.tsx
16:91  Error: `'` can be escaped with `&apos;`, `&lsquo;`, `&#39;`, `&rsquo;`.  
react/no-unescaped-entities
60:24  Error: `'` can be escaped with `&apos;`, `&lsquo;`, `&#39;`, `&rsquo;`.  
react/no-unescaped-entities

./src/app/upload/page.tsx
17:10  Warning: 'uploadStatus' is assigned a value but never used.  
@typescript-eslint/no-unused-vars
21:10  Warning: 'isAuthenticated' is assigned a value but never used.  
@typescript-eslint/no-unused-vars
51:6  Warning: React Hook useEffect has a missing dependency: 'requestLocation'. Either 
include it or remove the dependency array.  react-hooks/exhaustive-deps
93:32  Warning: 'response' is defined but never used.  @typescript-eslint/no-unused-vars
93:42  Warning: Unexpected any. Specify a different type.  
@typescript-eslint/no-explicit-any

./src/components/BottomNav.tsx
20:50  Warning: Unexpected any. Specify a different type.  
@typescript-eslint/no-explicit-any

./src/components/CameraComponent.tsx
17:25  Warning: Unexpected any. Specify a different type.  
@typescript-eslint/no-explicit-any
134:9  Warning: 'handleCameraError' is assigned a value but never used.  
@typescript-eslint/no-unused-vars
146:9  Warning: 'handleCameraInit' is assigned a value but never used.  
@typescript-eslint/no-unused-vars
151:9  Warning: 'switchCamera' is assigned a value but never used.  
@typescript-eslint/no-unused-vars

./src/components/CourtCard.tsx
31:10  Warning: 'getTimeAgo' is defined but never used.  
@typescript-eslint/no-unused-vars
66:9  Warning: Using `<img>` could result in slower LCP and higher bandwidth. Consider 
using `<Image />` from `next/image` to automatically optimize images. This may incur 
additional usage or cost from your provider. See: 
https://nextjs.org/docs/messages/no-img-element  @next/next/no-img-element

./src/components/CourtList.tsx
8:45  Warning: 'getCurrentMealLabel' is defined but never used.  
@typescript-eslint/no-unused-vars
8:66  Warning: 'getCurrentMealIcon' is defined but never used.  
@typescript-eslint/no-unused-vars
20:17  Warning: Unexpected any. Specify a different type.  
@typescript-eslint/no-explicit-any
139:10  Warning: 'menuStats' is assigned a value but never used.  
@typescript-eslint/no-unused-vars
143:12  Warning: Unexpected any. Specify a different type.  
@typescript-eslint/no-explicit-any
223:74  Warning: Unexpected any. Specify a different type.  
@typescript-eslint/no-explicit-any

./src/components/HeroSection.tsx
7:13  Warning: Unexpected any. Specify a different type.  
@typescript-eslint/no-explicit-any
118:21  Error: `'` can be escaped with `&apos;`, `&lsquo;`, `&#39;`, `&rsquo;`.  
react/no-unescaped-entities

./src/components/ImageViewer.tsx
51:8  Warning: React Hook useEffect has a missing dependency: 'onClose'. Either include 
it or remove the dependency array. If 'onClose' changes too often, find the parent 
component that defines it and wrap that definition in useCallback.  
react-hooks/exhaustive-deps
226:17  Warning: Using `<img>` could result in slower LCP and higher bandwidth. 
Consider using `<Image />` from `next/image` to automatically optimize images. This may 
incur additional usage or cost from your provider. See: 
https://nextjs.org/docs/messages/no-img-element  @next/next/no-img-element

./src/components/ImageZoomModal.tsx
175:17  Warning: Using `<img>` could result in slower LCP and higher bandwidth. 
Consider using `<Image />` from `next/image` to automatically optimize images. This may 
incur additional usage or cost from your provider. See: 
https://nextjs.org/docs/messages/no-img-element  @next/next/no-img-element

./src/components/Leaderboard.tsx
25:13  Warning: 'user' is assigned a value but never used.  
@typescript-eslint/no-unused-vars
25:19  Warning: 'isLoaded' is assigned a value but never used.  
@typescript-eslint/no-unused-vars
36:8  Warning: React Hook useEffect has a missing dependency: 'fetchLeaderboard'. 
Either include it or remove the dependency array.  react-hooks/exhaustive-deps
66:11  Warning: 'getRankClass' is assigned a value but never used.  
@typescript-eslint/no-unused-vars
153:49  Warning: Using `<img>` could result in slower LCP and higher bandwidth. 
Consider using `<Image />` from `next/image` to automatically optimize images. This may 
incur additional usage or cost from your provider. See: 
https://nextjs.org/docs/messages/no-img-element  @next/next/no-img-element
190:49  Warning: Using `<img>` could result in slower LCP and higher bandwidth. 
Consider using `<Image />` from `next/image` to automatically optimize images. This may 
incur additional usage or cost from your provider. See: 
https://nextjs.org/docs/messages/no-img-element  @next/next/no-img-element
231:49  Warning: Using `<img>` could result in slower LCP and higher bandwidth. 
Consider using `<Image />` from `next/image` to automatically optimize images. This may 
incur additional usage or cost from your provider. See: 
https://nextjs.org/docs/messages/no-img-element  @next/next/no-img-element

./src/components/MenuDisplay.tsx
124:13  Warning: Using `<img>` could result in slower LCP and higher bandwidth. 
Consider using `<Image />` from `next/image` to automatically optimize images. This may 
incur additional usage or cost from your provider. See: 
https://nextjs.org/docs/messages/no-img-element  @next/next/no-img-element

./src/components/MenuUpload.tsx
105:9  Warning: 'base64ToFile' is assigned a value but never used.  
@typescript-eslint/no-unused-vars
212:9  Warning: 'handleSignInClick' is assigned a value but never used.  
@typescript-eslint/no-unused-vars
402:15  Warning: Using `<img>` could result in slower LCP and higher bandwidth. 
Consider using `<Image />` from `next/image` to automatically optimize images. This may 
incur additional usage or cost from your provider. See: 
https://nextjs.org/docs/messages/no-img-element  @next/next/no-img-element

./src/components/OnboardingForm.tsx
319:19  Warning: Using `<img>` could result in slower LCP and higher bandwidth. 
Consider using `<Image />` from `next/image` to automatically optimize images. This may 
incur additional usage or cost from your provider. See: 
https://nextjs.org/docs/messages/no-img-element  @next/next/no-img-element

./src/components/QRScanner.tsx
12:11  Warning: 'router' is assigned a value but never used.  
@typescript-eslint/no-unused-vars

./src/components/RestaurantImageViewer.tsx
229:9  Warning: Using `<img>` could result in slower LCP and higher bandwidth. Consider 
using `<Image />` from `next/image` to automatically optimize images. This may incur 
additional usage or cost from your provider. See: 
https://nextjs.org/docs/messages/no-img-element  @next/next/no-img-element

./src/components/test-auto-crop-upload.tsx
9:40  Warning: Unexpected any. Specify a different type.  
@typescript-eslint/no-explicit-any
13:38  Warning: Unexpected any. Specify a different type.  
@typescript-eslint/no-explicit-any

./src/hooks/useLocation.ts
62:6  Warning: React Hook useEffect has a missing dependency: 'requestLocation'. Either 
include it or remove the dependency array.  react-hooks/exhaustive-deps

./src/lib/api.ts
1:44  Warning: 'Menu' is defined but never used.  @typescript-eslint/no-unused-vars
2:10  Warning: 'supabase' is defined but never used.  @typescript-eslint/no-unused-vars
3:23  Warning: 'logger' is defined but never used.  @typescript-eslint/no-unused-vars

./src/lib/auth-client.ts
6:34  Warning: Unexpected any. Specify a different type.  
@typescript-eslint/no-explicit-any

./src/lib/auth-debug.ts
2:19  Warning: 'logger' is defined but never used.  @typescript-eslint/no-unused-vars
7:34  Warning: Unexpected any. Specify a different type.  
@typescript-eslint/no-explicit-any
45:64  Warning: Unexpected any. Specify a different type.  
@typescript-eslint/no-explicit-any

./src/lib/auth.ts
7:34  Warning: Unexpected any. Specify a different type.  
@typescript-eslint/no-explicit-any
62:64  Warning: Unexpected any. Specify a different type.  
@typescript-eslint/no-explicit-any

./src/lib/auto-crop-server.ts
4:33  Warning: Unexpected any. Specify a different type.  
@typescript-eslint/no-explicit-any
53:54  Warning: 'mimeType' is defined but never used.  @typescript-eslint/no-unused-vars

./src/lib/auto-crop.ts
230:32  Warning: Unexpected any. Specify a different type.  
@typescript-eslint/no-explicit-any
230:40  Warning: Unexpected any. Specify a different type.  
@typescript-eslint/no-explicit-any
307:9  Warning: Unexpected any. Specify a different type.  
@typescript-eslint/no-explicit-any

./src/lib/clerk-supabase.ts
39:54  Warning: Unexpected any. Specify a different type.  
@typescript-eslint/no-explicit-any
50:47  Warning: Unexpected any. Specify a different type.  
@typescript-eslint/no-explicit-any

./src/lib/errors.ts
5:20  Warning: Unexpected any. Specify a different type.  
@typescript-eslint/no-explicit-any
7:68  Warning: Unexpected any. Specify a different type.  
@typescript-eslint/no-explicit-any
16:42  Warning: Unexpected any. Specify a different type.  
@typescript-eslint/no-explicit-any
30:72  Warning: Unexpected any. Specify a different type.  
@typescript-eslint/no-explicit-any
37:86  Warning: Unexpected any. Specify a different type.  
@typescript-eslint/no-explicit-any

./src/lib/karma-service.ts
250:12  Warning: Unexpected any. Specify a different type.  
@typescript-eslint/no-explicit-any
277:12  Warning: Unexpected any. Specify a different type.  
@typescript-eslint/no-explicit-any

./src/lib/logger.ts
12:18  Warning: Unexpected any. Specify a different type.  
@typescript-eslint/no-explicit-any

./src/lib/meal-menu-availability.ts
2:10  Warning: 'getMenuTimestamp' is defined but never used.  
@typescript-eslint/no-unused-vars

./src/lib/menu-availability.ts
50:16  Warning: Unexpected any. Specify a different type.  
@typescript-eslint/no-explicit-any

./src/lib/menu-validation.ts
19:45  Warning: Unexpected any. Specify a different type.  
@typescript-eslint/no-explicit-any
36:37  Warning: Unexpected any. Specify a different type.  
@typescript-eslint/no-explicit-any
52:53  Warning: Unexpected any. Specify a different type.  
@typescript-eslint/no-explicit-any
60:53  Warning: Unexpected any. Specify a different type.  
@typescript-eslint/no-explicit-any

./src/lib/modal-ocr.ts
8:11  Warning: Unexpected any. Specify a different type.  
@typescript-eslint/no-explicit-any

./src/lib/ocr-space-v2.ts
25:20  Warning: Unexpected any. Specify a different type.  
@typescript-eslint/no-explicit-any
62:46  Warning: Unexpected any. Specify a different type.  
@typescript-eslint/no-explicit-any
62:60  Warning: Unexpected any. Specify a different type.  
@typescript-eslint/no-explicit-any

./src/lib/supabase-browser.ts
25:52  Warning: Unexpected any. Specify a different type.  
@typescript-eslint/no-explicit-any

./src/lib/types.ts
35:13  Warning: Unexpected any. Specify a different type.  
@typescript-eslint/no-explicit-any
37:10  Warning: Unexpected any. Specify a different type.  
@typescript-eslint/no-explicit-any
49:12  Warning: Unexpected any. Specify a different type.  
@typescript-eslint/no-explicit-any

./src/lib/utils.ts
98:136  Warning: Unexpected any. Specify a different type.  
@typescript-eslint/no-explicit-any
99:39  Warning: Unexpected any. Specify a different type.  
@typescript-eslint/no-explicit-any
114:132  Warning: Unexpected any. Specify a different type.  
@typescript-eslint/no-explicit-any
115:39  Warning: Unexpected any. Specify a different type.  
@typescript-eslint/no-explicit-any

info  - Need to disable some ESLint rules? Learn more here: 
https://nextjs.org/docs/basic-features/eslint#disabling-rules
